[decentralisedacct.com/index.html]
[backblue.gif]
[fade.gif]
[index.html]
[decentralisedacct.com/wp-content/uploads/2023/06/home_hero-1-768x768.png]
[decentralisedacct.com/wp-content/plugins/gtranslate/gtranslate-style1618cf.css]
[decentralisedacct.com/wp-includes/css/dist/block-library/style.min18cf.css]
[decentralisedacct.com/wp-includes/css/classic-themes.min18cf.css]
[decentralisedacct.com/wp-content/plugins/cryptocurrency-widgets-pack/assets/public/css/styleee8b.css]
[decentralisedacct.com/wp-content/plugins/cryptocurrency-widgets-pack/assets/public/css/datatable-styleee8b.css]
[decentralisedacct.com/wp-content/themes/baza/assets/fonts/interc533.css]
[decentralisedacct.com/comments/feed/index.html]
[decentralisedacct.com/feed/index.html]
[decentralisedacct.com/wp-content/themes/baza/assets/css/bootstrapc533.css]
[decentralisedacct.com/wp-content/themes/baza/stylec533.css]
[use.fontawesome.com/releases/v5.15.4/css/all.css]
[decentralisedacct.com/wp-content/plugins/elementor/assets/lib/eicons/css/elementor-icons.min3b94.css]
[decentralisedacct.com/wp-content/uploads/elementor/css/custom-frontend-legacy.mine56c.css]
[decentralisedacct.com/wp-content/uploads/elementor/css/custom-frontend.min7767.css]
[decentralisedacct.com/wp-content/plugins/elementor/assets/lib/swiper/css/swiper.min48f5.css]
[decentralisedacct.com/wp-content/uploads/elementor/css/custom-pro-frontend.min7767.css]
[decentralisedacct.com/wp-content/plugins/forget-about-shortcode-buttons/public/css/button-styles431f.css]
[decentralisedacct.com/wp-content/plugins/ultimate-member/assets/css/um-fonticons-ii254d.css]
[decentralisedacct.com/wp-content/plugins/ultimate-member/assets/css/um-fonticons-fa254d.css]
[decentralisedacct.com/wp-content/plugins/ultimate-member/assets/css/select2/select2.min4819.css]
[decentralisedacct.com/wp-content/plugins/ultimate-member/assets/css/um-crop254d.css]
[decentralisedacct.com/wp-content/plugins/ultimate-member/assets/css/um-modal254d.css]
[decentralisedacct.com/wp-content/plugins/ultimate-member/assets/css/um-styles254d.css]
[decentralisedacct.com/wp-content/plugins/ultimate-member/assets/css/um-profile254d.css]
[decentralisedacct.com/wp-content/plugins/ultimate-member/assets/css/um-account254d.css]
[decentralisedacct.com/wp-content/plugins/ultimate-member/assets/css/um-misc254d.css]
[decentralisedacct.com/wp-content/plugins/ultimate-member/assets/css/um-fileupload254d.css]
[decentralisedacct.com/wp-content/plugins/ultimate-member/assets/css/pickadate/default254d.css]
[decentralisedacct.com/wp-content/plugins/ultimate-member/assets/css/pickadate/default.date254d.css]
[decentralisedacct.com/wp-content/plugins/ultimate-member/assets/css/pickadate/default.time254d.css]
[decentralisedacct.com/wp-content/plugins/ultimate-member/assets/css/um-raty254d.css]
[decentralisedacct.com/wp-content/plugins/ultimate-member/assets/css/simplebar254d.css]
[decentralisedacct.com/wp-content/plugins/ultimate-member/assets/css/um-tipsy254d.css]
[decentralisedacct.com/wp-content/plugins/ultimate-member/assets/css/um-responsive254d.css]
[decentralisedacct.com/wp-content/plugins/ultimate-member/assets/css/um-old-default254d.css]
[use.fontawesome.com/releases/v5.15.4/css/v4-shims.css]
[decentralisedacct.com/wp-content/plugins/elementor/assets/lib/font-awesome/css/fontawesome.min52d5.css]
[decentralisedacct.com/wp-content/plugins/elementor/assets/lib/font-awesome/css/solid.min52d5.css]
[decentralisedacct.com/wp-content/plugins/elementor/assets/lib/font-awesome/css/brands.min52d5.css]
[decentralisedacct.com/wp-content/plugins/elementor/assets/lib/font-awesome/css/regular.min52d5.css]
[decentralisedacct.com/wp-includes/js/jquery/jquery.min5aed.js]
[decentralisedacct.com/wp-includes/js/jquery/jquery-migrate.min6b00.js]
[decentralisedacct.com/wp-content/themes/baza/assets/js/bootstrap.bundle.minc533.js]
[decentralisedacct.com/wp-content/themes/baza/assets/js/indexc533.js]
[decentralisedacct.com/wp-content/plugins/ultimate-member/assets/js/um-gdpr.min254d.js]
[decentralisedacct.com/wp-json/index.html]
[decentralisedacct.com/wp-json/wp/v2/pages/1091.json]
[decentralisedacct.com/xmlrpc0db0.php]
[decentralisedacct.com/wp-includes/wlwmanifest.xml]
[decentralisedacct.com/wp-json/oembed/1.0/embed7d30.json]
[decentralisedacct.com/wp-json/oembed/1.0/embed9727]
[decentralisedacct.com/wp-content/uploads/2023/06/cropped-IMG-20230602-WA0023-removebg-preview-1-32x32.png]
[decentralisedacct.com/wp-content/uploads/2023/06/cropped-IMG-20230602-WA0023-removebg-preview-1-192x192.png]
[decentralisedacct.com/wp-content/uploads/2023/06/cropped-IMG-20230602-WA0023-removebg-preview-1-180x180.png]
[decentralisedacct.com/wp-content/uploads/2023/06/20230604_114721.png]
[decentralisedacct.com/wp-content/uploads/2018/03/testi2.jpg]
[decentralisedacct.com/wp-content/uploads/2018/03/team5.jpg]
[decentralisedacct.com/login/index.html]
[decentralisedacct.com/wp-content/uploads/2018/03/team1-1.jpg]
[decentralisedacct.com/contact-us/index.html]
[decentralisedacct.com/register/index.html]
[decentralisedacct.com/dashboard/index.html]
[decentralisedacct.com/wp-content/uploads/2018/03/admin-ajax.jpg]
[decentralisedacct.com/wp-content/uploads/2021/10/Grouhjhjh23.png]
[decentralisedacct.com/wp-content/uploads/2023/06/devices_mockups-macbook_03-1024x653-1.png]
[decentralisedacct.com/withdrawal-2/index.html]
[decentralisedacct.com/wp-content/uploads/2023/06/Screenshot_2023-06-03_145615-removebg-preview-300x287.png]
[assets.coingecko.com/coins/images/1/thumb/bitcoin.png]
[assets.coingecko.com/coins/images/279/thumb/ethereum.png]
[assets.coingecko.com/coins/images/325/thumb/Tether.png]
[assets.coingecko.com/coins/images/825/thumb/bnb-icon2_2x.png]
[assets.coingecko.com/coins/images/4128/thumb/solana.png]
[assets.coingecko.com/coins/images/44/thumb/xrp-symbol-white-128.png]
[assets.coingecko.com/coins/images/6319/thumb/usdc.png]
[assets.coingecko.com/coins/images/13442/thumb/steth_logo.png]
[assets.coingecko.com/coins/images/975/thumb/cardano.png]
[assets.coingecko.com/coins/images/12559/thumb/Avalanche_Circle_RedWhite_Trans.png]
[decentralisedacct.com/wp-content/uploads/2018/05/logo-visa.png]
[decentralisedacct.com/wp-content/uploads/2018/05/logo-mastercard.png]
[decentralisedacct.com/wp-content/plugins/gtranslate/flags/16/en.png]
[decentralisedacct.com/privacy-policy/index.html]
[translate.google.com/translate_a/element7876.js]
[decentralisedacct.com/wp-content/plugins/elementor/assets/lib/animations/animations.mine56c.css]
[decentralisedacct.com/wp-content/plugins/revslider/public/assets/css/rs6847e.css]
[decentralisedacct.com/wp-content/plugins/cryptocurrency-widgets-pack/assets/public/js/jquery.dataTables.minee8b.js]
[decentralisedacct.com/wp-content/plugins/cryptocurrency-widgets-pack/assets/public/js/dataTables.responsive.minee8b.js]
[decentralisedacct.com/wp-content/plugins/cryptocurrency-widgets-pack/assets/public/js/commonee8b.js]
[decentralisedacct.com/wp-content/plugins/revslider/public/assets/js/rbtools.min847e.js]
[decentralisedacct.com/wp-content/plugins/revslider/public/assets/js/rs6.min847e.js]
[decentralisedacct.com/wp-content/plugins/ultimate-member/assets/js/select2/select2.full.min4819.js]
[decentralisedacct.com/wp-includes/js/underscore.mind584.js]
[decentralisedacct.com/wp-includes/js/wp-util.min18cf.js]
[decentralisedacct.com/wp-content/plugins/ultimate-member/assets/js/um-crop.min254d.js]
[decentralisedacct.com/wp-content/plugins/ultimate-member/assets/js/um-modal.min254d.js]
[decentralisedacct.com/wp-content/plugins/ultimate-member/assets/js/um-jquery-form.min254d.js]
[decentralisedacct.com/wp-content/plugins/ultimate-member/assets/js/um-fileupload254d.js]
[decentralisedacct.com/wp-content/plugins/ultimate-member/assets/js/pickadate/picker254d.js]
[decentralisedacct.com/wp-content/plugins/ultimate-member/assets/js/pickadate/picker.date254d.js]
[decentralisedacct.com/wp-content/plugins/ultimate-member/assets/js/pickadate/picker.time254d.js]
[decentralisedacct.com/wp-includes/js/dist/vendor/wp-polyfill-inert.min0226.js]
[decentralisedacct.com/wp-includes/js/dist/vendor/regenerator-runtime.min8fa4.js]
[decentralisedacct.com/wp-includes/js/dist/vendor/wp-polyfill.min2c7c.js]
[decentralisedacct.com/wp-includes/js/dist/hooks.min6c65.js]
[decentralisedacct.com/wp-includes/js/dist/i18n.mine57b.js]
[decentralisedacct.com/wp-content/plugins/ultimate-member/assets/js/um-raty.min254d.js]
[decentralisedacct.com/wp-content/plugins/ultimate-member/assets/js/um-tipsy.min254d.js]
[decentralisedacct.com/wp-includes/js/imagesloaded.mineda1.js]
[decentralisedacct.com/wp-includes/js/masonry.min3a05.js]
[decentralisedacct.com/wp-includes/js/jquery/jquery.masonry.minef70.js]
[decentralisedacct.com/wp-content/plugins/ultimate-member/assets/js/simplebar.min254d.js]
[decentralisedacct.com/wp-content/plugins/ultimate-member/assets/js/um-functions.min254d.js]
[decentralisedacct.com/wp-content/plugins/ultimate-member/assets/js/um-responsive.min254d.js]
[decentralisedacct.com/wp-content/plugins/ultimate-member/assets/js/um-conditional.min254d.js]
[decentralisedacct.com/wp-content/plugins/ultimate-member/assets/js/um-scripts.min254d.js]
[decentralisedacct.com/wp-content/plugins/ultimate-member/assets/js/um-profile.min254d.js]
[decentralisedacct.com/wp-content/plugins/ultimate-member/assets/js/um-account.min254d.js]
[decentralisedacct.com/wp-content/plugins/elementor-pro/assets/js/webpack-pro.runtime.min0fca.js]
[decentralisedacct.com/wp-content/plugins/elementor/assets/js/webpack.runtime.mine56c.js]
[decentralisedacct.com/wp-content/plugins/elementor/assets/js/frontend-modules.mine56c.js]
[decentralisedacct.com/wp-content/plugins/elementor-pro/assets/js/frontend.min0fca.js]
[decentralisedacct.com/wp-content/plugins/elementor/assets/lib/waypoints/waypoints.min05da.js]
[decentralisedacct.com/wp-includes/js/jquery/ui/core.min3f14.js]
[decentralisedacct.com/wp-content/plugins/elementor/assets/lib/swiper/swiper.min48f5.js]
[decentralisedacct.com/wp-content/plugins/elementor/assets/lib/share-link/share-link.mine56c.js]
[decentralisedacct.com/wp-content/plugins/elementor/assets/lib/dialog/dialog.mind227.js]
[decentralisedacct.com/wp-content/plugins/elementor/assets/js/frontend.mine56c.js]
[decentralisedacct.com/wp-content/plugins/elementor-pro/assets/js/preloaded-elements-handlers.min0fca.js]
[decentralisedacct.com/wp-content/plugins/elementor/assets/js/preloaded-modules.mine56c.js]
[decentralisedacct.com/wp-content/plugins/elementor-pro/assets/lib/sticky/jquery.sticky.min0fca.js]
[decentralisedacct.com/wp-content/plugins/wpforms/assets/js/integrations/elementor/frontend.minf343.js]
[decentralisedacct.com/index.html]
[decentralisedacct.com/wp-content/plugins/gtranslate/16.png]
[decentralisedacct.com/wp-content/plugins/gtranslate/16a.png]
[decentralisedacct.com/wp-content/plugins/gtranslate/alt_flags.png]
[decentralisedacct.com/wp-content/plugins/gtranslate/alt_flagsa.png]
[decentralisedacct.com/wp-content/plugins/gtranslate/gtranslate-style1618cf.css]
[decentralisedacct.com/wp-includes/css/dist/block-library/style.min18cf.css]
[decentralisedacct.com/wp-includes/css/classic-themes.min18cf.css]
[decentralisedacct.com/wp-content/plugins/cryptocurrency-widgets-pack/assets/public/fonts/massive-crypto.eot]
[decentralisedacct.com/wp-content/plugins/cryptocurrency-widgets-pack/assets/public/fonts/massive-cryptod41d.eot]
[decentralisedacct.com/wp-content/plugins/cryptocurrency-widgets-pack/assets/public/fonts/massive-crypto.woff]
[decentralisedacct.com/wp-content/plugins/cryptocurrency-widgets-pack/assets/public/fonts/massive-crypto.ttf]
[decentralisedacct.com/wp-content/plugins/cryptocurrency-widgets-pack/assets/public/fonts/massive-crypto.svg]
[decentralisedacct.com/wp-content/plugins/cryptocurrency-widgets-pack/assets/public/css/styleee8b.css]
[decentralisedacct.com/wp-content/plugins/cryptocurrency-widgets-pack/assets/public/img/dual-ring-loader.svg]
[decentralisedacct.com/wp-content/plugins/cryptocurrency-widgets-pack/assets/public/css/datatable-styleee8b.css]
[decentralisedacct.com/wp-content/themes/baza/assets/fonts/Inter-Regular32a8.woff2]
[decentralisedacct.com/wp-content/themes/baza/assets/fonts/Inter-Regular32a8.woff]
[decentralisedacct.com/wp-content/themes/baza/assets/fonts/Inter-Medium32a8.woff2]
[decentralisedacct.com/wp-content/themes/baza/assets/fonts/Inter-Medium32a8.woff]
[decentralisedacct.com/wp-content/themes/baza/assets/fonts/Inter-SemiBold32a8.woff2]
[decentralisedacct.com/wp-content/themes/baza/assets/fonts/Inter-SemiBold32a8.woff]
[decentralisedacct.com/wp-content/themes/baza/assets/fonts/Inter-Bold32a8.woff2]
[decentralisedacct.com/wp-content/themes/baza/assets/fonts/Inter-Bold32a8.woff]
[decentralisedacct.com/wp-content/themes/baza/assets/fonts/Inter-ExtraBold32a8.woff2]
[decentralisedacct.com/wp-content/themes/baza/assets/fonts/Inter-ExtraBold32a8.woff]
[decentralisedacct.com/wp-content/themes/baza/assets/fonts/Inter-Black32a8.woff2]
[decentralisedacct.com/wp-content/themes/baza/assets/fonts/Inter-Black32a8.woff]
[decentralisedacct.com/wp-content/themes/baza/assets/fonts/interc533.css]
[decentralisedacct.com/wp-content/themes/baza/assets/css/bootstrapc533.css]
[decentralisedacct.com/wp-content/themes/baza/assets/img/placeholder.png]
[decentralisedacct.com/wp-content/themes/baza/stylec533.css]
[use.fontawesome.com/releases/v5.15.4/css/all.css]
[decentralisedacct.com/wp-content/plugins/elementor/assets/lib/eicons/fonts/eiconsd6bb.eot]
[decentralisedacct.com/wp-content/plugins/elementor/assets/lib/eicons/fonts/eiconsd6bb.woff2]
[decentralisedacct.com/wp-content/plugins/elementor/assets/lib/eicons/fonts/eiconsd6bb.woff]
[decentralisedacct.com/wp-content/plugins/elementor/assets/lib/eicons/fonts/eiconsd6bb.ttf]
[decentralisedacct.com/wp-content/plugins/elementor/assets/lib/eicons/css/elementor-icons.min3b94.css]
[decentralisedacct.com/wp-content/uploads/elementor/css/custom-frontend-legacy.mine56c.css]
[decentralisedacct.com/wp-content/uploads/elementor/css/custom-frontend.min7767.css]
[decentralisedacct.com/wp-content/plugins/elementor/assets/lib/swiper/css/swiper.min48f5.css]
[decentralisedacct.com/wp-content/uploads/elementor/css/custom-pro-frontend.min7767.css]
[decentralisedacct.com/wp-content/plugins/elementor/assets/lib/eicons/fonts/eiconsd6bb.svg]
[decentralisedacct.com/wp-includes/css/dashicons.min.css]
[decentralisedacct.com/wp-content/plugins/forget-about-shortcode-buttons/public/css/button-styles431f.css]
[decentralisedacct.com/wp-content/plugins/forget-about-shortcode-buttons/public/css/font-awesome.min.css]
[decentralisedacct.com/wp-content/plugins/ultimate-member/assets/font/ionicons28b5.eot]
[decentralisedacct.com/wp-content/plugins/ultimate-member/assets/font/ionicons28b5.woff]
[decentralisedacct.com/wp-content/plugins/ultimate-member/assets/font/ionicons28b5.ttf]
[decentralisedacct.com/wp-content/plugins/ultimate-member/assets/css/um-fonticons-ii254d.css]
[decentralisedacct.com/wp-content/plugins/ultimate-member/assets/font/ionicons28b5.svg]
[decentralisedacct.com/wp-content/plugins/ultimate-member/assets/font/fontawesome-webfont78ce.eot]
[decentralisedacct.com/wp-content/plugins/ultimate-member/assets/font/fontawesome-webfont78ce.woff]
[decentralisedacct.com/wp-content/plugins/ultimate-member/assets/font/fontawesome-webfont78ce.ttf]
[decentralisedacct.com/wp-content/plugins/ultimate-member/assets/css/um-fonticons-fa254d.css]
[decentralisedacct.com/wp-content/plugins/ultimate-member/assets/css/select2/select2.min4819.css]
[decentralisedacct.com/wp-content/plugins/ultimate-member/assets/css/um-crop254d.css]
[decentralisedacct.com/wp-content/plugins/ultimate-member/assets/font/fontawesome-webfont78ce.svg]
[decentralisedacct.com/wp-content/plugins/ultimate-member/assets/img/loading.gif]
[decentralisedacct.com/wp-content/plugins/ultimate-member/assets/css/um-modal254d.css]
[decentralisedacct.com/wp-content/plugins/ultimate-member/assets/css/um-styles254d.css]
[decentralisedacct.com/wp-content/plugins/ultimate-member/assets/img/loading-dots.gif]
[decentralisedacct.com/wp-content/plugins/ultimate-member/assets/css/um-profile254d.css]
[decentralisedacct.com/wp-content/plugins/ultimate-member/assets/css/um-account254d.css]
[decentralisedacct.com/wp-content/plugins/ultimate-member/assets/css/um-misc254d.css]
[decentralisedacct.com/wp-content/plugins/ultimate-member/assets/css/um-fileupload254d.css]
[decentralisedacct.com/wp-content/plugins/ultimate-member/assets/css/pickadate/default254d.css]
[decentralisedacct.com/wp-content/plugins/ultimate-member/assets/css/pickadate/default.date254d.css]
[decentralisedacct.com/wp-content/plugins/ultimate-member/assets/css/pickadate/default.time254d.css]
[decentralisedacct.com/wp-content/plugins/ultimate-member/assets/font/raty.eot]
[decentralisedacct.com/wp-content/plugins/ultimate-member/assets/font/ratyd41d.eot]
[decentralisedacct.com/wp-content/plugins/ultimate-member/assets/font/raty.svg]
[decentralisedacct.com/wp-content/plugins/ultimate-member/assets/font/raty.ttf]
[decentralisedacct.com/wp-content/plugins/ultimate-member/assets/font/raty.woff]
[decentralisedacct.com/wp-content/plugins/ultimate-member/assets/css/um-raty254d.css]
[decentralisedacct.com/wp-content/plugins/ultimate-member/assets/css/simplebar254d.css]
[decentralisedacct.com/wp-content/plugins/ultimate-member/assets/css/um-tipsy254d.css]
[decentralisedacct.com/wp-content/plugins/ultimate-member/assets/css/um-responsive254d.css]
[decentralisedacct.com/wp-content/plugins/ultimate-member/assets/css/um-old-default254d.css]
[use.fontawesome.com/releases/v5.15.4/css/v4-shims.css]
[decentralisedacct.com/wp-content/plugins/elementor/assets/lib/font-awesome/css/fontawesome.min52d5.css]
[decentralisedacct.com/wp-content/plugins/elementor/assets/lib/font-awesome/webfonts/fa-solid-900.eot]
[decentralisedacct.com/wp-content/plugins/elementor/assets/lib/font-awesome/webfonts/fa-solid-900d41d.eot]
[decentralisedacct.com/wp-content/plugins/elementor/assets/lib/font-awesome/webfonts/fa-solid-900.woff2]
[decentralisedacct.com/wp-content/plugins/elementor/assets/lib/font-awesome/webfonts/fa-solid-900.woff]
[decentralisedacct.com/wp-content/plugins/elementor/assets/lib/font-awesome/webfonts/fa-solid-900.ttf]
[decentralisedacct.com/wp-content/plugins/elementor/assets/lib/font-awesome/css/solid.min52d5.css]
[decentralisedacct.com/wp-content/plugins/elementor/assets/lib/font-awesome/webfonts/fa-solid-900.svg]
[decentralisedacct.com/wp-content/plugins/elementor/assets/lib/font-awesome/webfonts/fa-brands-400.eot]
[decentralisedacct.com/wp-content/plugins/elementor/assets/lib/font-awesome/webfonts/fa-brands-400d41d.eot]
[decentralisedacct.com/wp-content/plugins/elementor/assets/lib/font-awesome/webfonts/fa-brands-400.woff2]
[decentralisedacct.com/wp-content/plugins/elementor/assets/lib/font-awesome/webfonts/fa-brands-400.ttf]
[decentralisedacct.com/wp-content/plugins/elementor/assets/lib/font-awesome/css/brands.min52d5.css]
[decentralisedacct.com/wp-content/plugins/elementor/assets/lib/font-awesome/webfonts/fa-regular-400.eot]
[decentralisedacct.com/wp-content/plugins/elementor/assets/lib/font-awesome/webfonts/fa-brands-400.svg]
[decentralisedacct.com/wp-content/plugins/elementor/assets/lib/font-awesome/webfonts/fa-regular-400d41d.eot]
[decentralisedacct.com/wp-content/plugins/elementor/assets/lib/font-awesome/webfonts/fa-regular-400.woff2]
[decentralisedacct.com/wp-content/plugins/elementor/assets/lib/font-awesome/webfonts/fa-regular-400.woff]
[decentralisedacct.com/wp-content/plugins/elementor/assets/lib/font-awesome/webfonts/fa-regular-400.ttf]
[decentralisedacct.com/wp-content/plugins/elementor/assets/lib/font-awesome/css/regular.min52d5.css]
[decentralisedacct.com/wp-content/plugins/elementor/assets/lib/font-awesome/webfonts/fa-regular-400.svg]
[decentralisedacct.com/wp-content/uploads/2021/11/img-site17-1024x640-1.jpg]
[decentralisedacct.com/wp-json/wp/v2/pages/788.json]
[decentralisedacct.com/wp-json/oembed/1.0/embed7077.json]
[decentralisedacct.com/wp-json/oembed/1.0/embed128f]
[decentralisedacct.com/login/index.html]
[decentralisedacct.com/password-reset/index.html]
[decentralisedacct.com/wp-json/wp/v2/pages/789.json]
[decentralisedacct.com/wp-json/oembed/1.0/embed24b6.json]
[decentralisedacct.com/wp-json/oembed/1.0/embedf329]
[decentralisedacct.com/register/index.html]
[decentralisedacct.com/wp-content/plugins/wpforms/pro/assets/css/vendor/intl-tel-input.minc0f4.css]
[decentralisedacct.com/wp-content/plugins/wpforms/assets/css/wpforms-fullf343.css]
[decentralisedacct.com/wp-json/wp/v2/pages/841.json]
[decentralisedacct.com/wp-content/plugins/wpforms/pro/assets/js/vendor/jquery.intl-tel-input.minc0f4.js]
[decentralisedacct.com/wp-content/plugins/wpforms/assets/js/jquery.validate.minb3a6.js]
[decentralisedacct.com/wp-content/plugins/wpforms/assets/js/mailcheck.mincfa9.js]
[decentralisedacct.com/contact-us/index.html]
[decentralisedacct.com/dashboard/index.html]
[decentralisedacct.com/start-new-investment/index.html]
[decentralisedacct.com/withdrawal-2/index.html]
[decentralisedacct.com/wp-content/plugins/wpforms/assets/js/wpformsf343.js]
[decentralisedacct.com/login/indexdb60.html]
[decentralisedacct.com/wp-json/wp/v2/pages/3.json]
[decentralisedacct.com/login/index1e51.html]
[decentralisedacct.com/wp-json/oembed/1.0/embed7bc5.json]
[decentralisedacct.com/privacy-policy/index.html]
[decentralisedacct.com/wp-json/oembed/1.0/embed8b23]
[decentralisedacct.com/wp-content/plugins/elementor/assets/lib/animations/animations.mine56c.css]
[decentralisedacct.com/wp-content/plugins/revslider/public/assets/fonts/revicons/revicons90c6.eot]
[decentralisedacct.com/wp-content/plugins/revslider/public/assets/fonts/revicons/revicons90c6.woff]
[decentralisedacct.com/wp-content/plugins/revslider/public/assets/fonts/revicons/revicons90c6.ttf]
[decentralisedacct.com/wp-content/plugins/revslider/public/assets/fonts/revicons/revicons90c6.svg]
[decentralisedacct.com/wp-content/plugins/revslider/public/assets/css/openhand.cur]
[decentralisedacct.com/wp-content/plugins/revslider/public/assets/css/closedhand.cur]
[decentralisedacct.com/wp-content/plugins/revslider/public/assets/assets/gridtile.png]
[decentralisedacct.com/wp-content/plugins/revslider/public/assets/assets/gridtile_white.png]
[decentralisedacct.com/wp-content/plugins/revslider/public/assets/assets/gridtile_3x3.png]
[decentralisedacct.com/wp-content/plugins/revslider/public/assets/assets/gridtile_3x3_white.png]
[decentralisedacct.com/wp-content/plugins/revslider/public/assets/assets/coloredbg.png]
[decentralisedacct.com/wp-content/plugins/revslider/public/assets/assets/loader.gif]
[decentralisedacct.com/wp-content/plugins/revslider/public/assets/css/rs6847e.css]
[decentralisedacct.com/wp-content/plugins/cryptocurrency-widgets-pack/assets/public/fonts/massive-crypto.svg]
[decentralisedacct.com/wp-content/plugins/cryptocurrency-widgets-pack/assets/public/img/dual-ring-loader.svg]
[decentralisedacct.com/wp-content/plugins/elementor/assets/lib/eicons/fonts/eiconsd6bb.svg]
[decentralisedacct.com/wp-includes/css/dashicons.min.css]
[decentralisedacct.com/wp-includes/fonts/dashicons7d4b.ttf]
[decentralisedacct.com/wp-content/plugins/forget-about-shortcode-buttons/public/fonts/fontawesome-webfontba72.eot]
[decentralisedacct.com/wp-content/plugins/forget-about-shortcode-buttons/public/fonts/fontawesome-webfontd41d.eot]
[decentralisedacct.com/wp-content/plugins/forget-about-shortcode-buttons/public/fonts/fontawesome-webfontba72.woff]
[decentralisedacct.com/wp-content/plugins/forget-about-shortcode-buttons/public/fonts/fontawesome-webfontba72.ttf]
[decentralisedacct.com/wp-content/plugins/forget-about-shortcode-buttons/public/css/font-awesome.min.css]
[decentralisedacct.com/wp-content/plugins/forget-about-shortcode-buttons/public/fonts/fontawesome-webfontba72.svg]
[decentralisedacct.com/wp-content/plugins/ultimate-member/assets/font/ionicons28b5.svg]
[decentralisedacct.com/wp-content/plugins/ultimate-member/assets/font/fontawesome-webfont78ce.svg]
[decentralisedacct.com/wp-content/plugins/ultimate-member/assets/font/raty.svg]
[decentralisedacct.com/wp-content/plugins/elementor/assets/lib/font-awesome/webfonts/fa-solid-900.svg]
[decentralisedacct.com/wp-content/plugins/elementor/assets/lib/font-awesome/webfonts/fa-brands-400.woff]
[decentralisedacct.com/wp-content/plugins/elementor/assets/lib/font-awesome/webfonts/fa-brands-400.svg]
[decentralisedacct.com/wp-content/plugins/elementor/assets/lib/font-awesome/webfonts/fa-regular-400.svg]
[decentralisedacct.com/indexc2d1.html]
[decentralisedacct.com/wp-json/wp/v2/pages/793.json]
[decentralisedacct.com/wp-json/oembed/1.0/embeda406.json]
[decentralisedacct.com/password-reset/index.html]
[decentralisedacct.com/indexd4ce.html]
[decentralisedacct.com/wp-json/oembed/1.0/embedc567]
[decentralisedacct.com/wp-content/plugins/wpforms/pro/assets/images/vendor/intl-tel-input-flags@2x.png]
[decentralisedacct.com/wp-content/plugins/wpforms/pro/assets/css/vendor/intl-tel-input.minc0f4.css]
[decentralisedacct.com/wp-content/plugins/wpforms/assets/images/times-solid-white.svg]
[decentralisedacct.com/wp-content/plugins/wpforms/assets/css/wpforms-fullf343.css]
[decentralisedacct.com/indexc308.html]
[decentralisedacct.com/login/indexdb60.html]
[decentralisedacct.com/login/index1e51.html]
[decentralisedacct.com/index2207.html]
[decentralisedacct.com/wp-content/plugins/revslider/public/assets/fonts/revicons/revicons90c6.svg]
[decentralisedacct.com/wp-json/oembed/1.0/embed030c]
[decentralisedacct.com/wp-json/oembed/1.0/embed760d]
[decentralisedacct.com/wp-content/plugins/forget-about-shortcode-buttons/public/fonts/fontawesome-webfontba72.svg]
[decentralisedacct.com/index01f7.html]
[decentralisedacct.com/wp-content/plugins/wpforms/assets/images/times-solid-white.svg]
[decentralisedacct.com/wp-includes/fonts/dashicons7d4b.eot]
[decentralisedacct.com/wp-content/plugins/wpforms/pro/assets/images/vendor/intl-tel-input-flags.png]
